q0001 	 199 
q0002 	 397 
q0003 	 381 
q0004 	 358 
q0005 	 125 
q0006 	 837 
q0007 	 1387 
q0008 	 1585 
q0009 	 1239 
q0010 	 1556 
q0011 	 310 
q0012 	 20 
q0013 	 2423 
q0014 	 561 
q0015 	 1091 
q0016 	 314 
q0017 	 1511 
q0018 	 427 
q0019 	 2400 
q0020 	 45 
q0021 	 32 
q0022 	 647 
q0023 	 224 
q0024 	 710 
q0025 	 150 
q0026 	 756 
q0027 	 30 
q0028 	 1161 
q0029 	 83 
q0030 	 156 
q0031 	 410 
q0032 	 99 
q0033 	 539 
q0034 	 115 
q0035 	 239 
q0036 	 999 
q0037 	 587 
q0038 	 125 
q0039 	 779 
q0040 	 347 
q0041 	 1271 
q0042 	 532 
q0043 	 1512 
q0044 	 1099 
q0045 	 13 
q0046 	 48 
q0047 	 902 
q0048 	 871 
q0049 	 1603 
q0050 	 937 
q0051 	 497 
q0052 	 3959 
q0053 	 475 
q0054 	 97 
q0055 	 1125 
q0056 	 690 
q0057 	 5526 
q0058 	 1158 
q0059 	 91 
q0060 	 314 
q0061 	 828 
q0062 	 652 
q0063 	 45 
q0064 	 691 
q0065 	 1538 
q0066 	 246 
q0067 	 3204 
q0068 	 1005 
q0069 	 1548 
q0070 	 389 
q0071 	 2265 
q0072 	 284 
q0073 	 515 
q0074 	 1294 
q0075 	 1095 
q0076 	 515 
q0077 	 956 
q0078 	 756 
q0079 	 756 
q0080 	 2226 
q0081 	 538 
q0082 	 524 
q0083 	 1959 
q0084 	 838 
q0085 	 1273 
q0086 	 1125 
q0087 	 4058 
q0088 	 148 
q0089 	 1466 
q0090 	 549 
q0091 	 7431 
q0092 	 2975 
q0093 	 60 
q0094 	 3928 
q0095 	 742 
q0096 	 1774 
q0097 	 152 
q0098 	 766 
q0099 	 2069 
q0100 	 1217 
q0101 	 1992 
q0102 	 2143 
q0103 	 37 
q0104 	 1597 
q0105 	 2067 
q0106 	 1422 
q0107 	 537 
q0108 	 50 
q0109 	 358 
q0110 	 251 
q0111 	 1145 
q0112 	 374 
q0113 	 532 
q0114 	 2118 
q0115 	 74 
q0116 	 119 
q0117 	 55 
q0118 	 882 
q0119 	 266 
q0120 	 2369 
q0121 	 1001 
q0122 	 3693 
q0123 	 1385 
q0124 	 1312 
q0125 	 2887 
q0126 	 719 
q0127 	 1749 
q0128 	 555 
q0129 	 2229 
q0130 	 1210 
q0131 	 1165 
q0132 	 205 
q0133 	 1259 
q0134 	 44 
q0135 	 108 
q0136 	 681 
q0137 	 795 
q0138 	 800 
q0139 	 485 
q0140 	 184 
q0141 	 1164 
q0142 	 1030 
q0143 	 660 
q0144 	 80 
q0145 	 14 
q0146 	 2207 
q0147 	 1085 
q0148 	 599 
q0149 	 555 
q0150 	 122 
q0151 	 1479 
q0152 	 351 
q0153 	 644 
q0154 	 823 
q0155 	 2764 
q0156 	 3090 
q0157 	 479 
q0158 	 1120 
q0159 	 859 
q0160 	 605 
q0161 	 173 
q0162 	 1944 
q0163 	 1588 
q0164 	 115 
q0165 	 3134 
q0166 	 277 
q0167 	 2934 
q0168 	 129 
q0169 	 612 
q0170 	 3498 
q0171 	 1498 
q0172 	 484 
q0173 	 733 
q0174 	 557 
q0175 	 857 
q0176 	 757 
q0177 	 2400 
q0178 	 31 
q0179 	 1204 
q0180 	 1787 
q0181 	 2439 
q0182 	 849 
q0183 	 776 
q0184 	 472 
q0185 	 514 
q0186 	 834 
q0187 	 350 
q0188 	 2199 
q0189 	 1594 
q0190 	 537 
q0191 	 328 
q0192 	 2325 
q0193 	 547 
q0194 	 1714 
q0195 	 464 
q0196 	 783 
q0197 	 3583 
q0198 	 85 
q0199 	 708 
q0200 	 1327 
q0201 	 719 
q0202 	 396 
q0203 	 114 
q0204 	 1509 
q0205 	 68 
q0206 	 3970 
q0207 	 526 
q0208 	 350 
q0209 	 1560 
q0210 	 2025 
q0211 	 814 
q0212 	 73 
q0213 	 1701 
q0214 	 660 
q0215 	 61 
q0216 	 250 
q0217 	 2102 
q0218 	 2381 
q0219 	 733 
q0220 	 3171 
q0221 	 544 
q0222 	 311 
q0223 	 795 
q0224 	 1554 
q0225 	 143 
q0226 	 448 
q0227 	 3166 
q0228 	 639 
q0229 	 1955 
q0230 	 949 
q0231 	 185 
q0232 	 976 
q0233 	 2039 
q0234 	 405 
q0235 	 470 
q0236 	 2004 
q0237 	 85 
q0238 	 1869 
q0239 	 904 
q0240 	 26 
q0241 	 1108 
q0242 	 1207 
q0243 	 1865 
q0244 	 1541 
q0245 	 2279 
q0246 	 2671 
q0247 	 210 
q0248 	 1435 
q0249 	 267 
q0250 	 748 
q0251 	 1178 
q0252 	 3672 
q0253 	 2304 
q0254 	 1581 
q0255 	 108 
q0256 	 544 
q0257 	 1468 
q0258 	 2391 
q0259 	 577 
q0260 	 3190 
q0261 	 374 
q0262 	 503 
q0263 	 343 
q0264 	 176 
q0265 	 4866 
q0266 	 261 
q0267 	 117 
q0268 	 1014 
q0269 	 890 
q0270 	 33 
q0271 	 2486 
q0272 	 810 
q0273 	 79 
q0274 	 80 
q0275 	 1260 
q0276 	 884 
q0277 	 2125 
q0278 	 2836 
q0279 	 896 
q0280 	 3296 
q0281 	 8765 
q0282 	 179 
q0283 	 3311 
q0284 	 1690 
q0285 	 2011 
q0286 	 2310 
q0287 	 220 
q0288 	 333 
q0289 	 753 
q0290 	 754 
q0291 	 214 
q0292 	 235 
q0293 	 77 
q0294 	 17 
q0295 	 258 
q0296 	 730 
q0297 	 1276 
q0298 	 1585 
q0299 	 213 
q0300 	 1341 
q0301 	 771 
q0302 	 34 
q0303 	 1178 
q0304 	 682 
q0305 	 1305 
q0306 	 1582 
q0307 	 2416 
q0308 	 1364 
q0309 	 546 
q0310 	 680 
q0311 	 587 
q0312 	 2828 
q0313 	 1034 
q0314 	 215 
q0315 	 409 
q0316 	 1617 
q0317 	 1915 
q0318 	 947 
q0319 	 2124 
q0320 	 3122 
q0321 	 201 
q0322 	 457 
q0323 	 54 
q0324 	 46 
q0325 	 761 
q0326 	 2554 
q0327 	 375 
q0328 	 821 
q0329 	 715 
q0330 	 2317 
q0331 	 2576 
q0332 	 81 
q0333 	 594 
q0334 	 4466 
q0335 	 1786 
q0336 	 156 
q0337 	 1157 
q0338 	 443 
q0339 	 1604 
q0340 	 488 
q0341 	 921 
q0342 	 222 
q0343 	 2027 
q0344 	 432 
q0345 	 202 
q0346 	 634 
q0347 	 110 
q0348 	 946 
q0349 	 88 
q0350 	 222 
q0351 	 5242 
q0352 	 53 
q0353 	 353 
q0354 	 120 
q0355 	 371 
q0356 	 197 
q0357 	 1480 
q0358 	 1855 
q0359 	 2380 
q0360 	 1490 
q0361 	 1139 
q0362 	 1086 
q0363 	 24 
q0364 	 708 
q0365 	 84 
q0366 	 633 
q0367 	 88 
q0368 	 1624 
q0369 	 724 
q0370 	 2202 
q0371 	 298 
q0372 	 851 
q0373 	 265 
q0374 	 1077 
q0375 	 776 
q0376 	 2530 
q0377 	 1471 
q0378 	 948 
q0379 	 544 
q0380 	 996 
q0381 	 1336 
q0382 	 2144 
q0383 	 124 
q0384 	 1804 
q0385 	 2897 
q0386 	 4658 
q0387 	 2470 
q0388 	 319 
q0389 	 271 
q0390 	 447 
q0391 	 1654 
q0392 	 1512 
q0393 	 3240 
q0394 	 2110 
q0395 	 550 
q0396 	 291 
q0397 	 1122 
q0398 	 2012 
q0399 	 541 
q0400 	 200 
q0401 	 570 
q0402 	 1380 
q0403 	 4122 
q0404 	 323 
q0405 	 793 
q0406 	 1338 
q0407 	 5756 
q0408 	 806 
q0409 	 883 
q0410 	 1040 
q0411 	 401 
q0412 	 571 
q0413 	 1795 
q0414 	 253 
q0415 	 437 
q0416 	 1001 
q0417 	 202 
q0418 	 1441 
q0419 	 613 
q0420 	 432 
q0421 	 1881 
q0422 	 1962 
q0423 	 1195 
q0424 	 1029 
q0425 	 244 
q0426 	 106 
q0427 	 182 
q0428 	 314 
q0429 	 4837 
q0430 	 906 
q0431 	 3280 
q0432 	 154 
q0433 	 552 
q0434 	 962 
q0435 	 2121 
q0436 	 1886 
q0437 	 2761 
q0438 	 351 
q0439 	 965 
q0440 	 154 
q0441 	 112 
q0442 	 6613 
q0443 	 1589 
q0444 	 847 
q0445 	 245 
q0446 	 53 
q0447 	 701 
q0448 	 2102 
q0449 	 2109 
q0450 	 31 
q0451 	 944 
q0452 	 643 
q0453 	 93 
q0454 	 222 
q0455 	 368 
q0456 	 1100 
q0457 	 367 
q0458 	 809 
q0459 	 147 
q0460 	 116 
q0461 	 429 
q0462 	 611 
q0463 	 1347 
q0464 	 1121 
q0465 	 653 
q0466 	 171 
q0467 	 833 
q0468 	 1880 
q0469 	 458 
q0470 	 906 
q0471 	 26 
q0472 	 1253 
q0473 	 72 
q0474 	 33 
q0475 	 1891 
q0476 	 951 
q0477 	 179 
q0478 	 2090 
q0479 	 310 
q0480 	 466 
q0481 	 659 
q0482 	 573 
q0483 	 692 
q0484 	 7094 
q0485 	 1563 
q0486 	 2161 
q0487 	 1464 
q0488 	 435 
q0489 	 856 
q0490 	 532 
q0491 	 1107 
q0492 	 335 
q0493 	 611 
q0494 	 564 
q0495 	 2027 
q0496 	 372 
q0497 	 1854 
q0498 	 850 
q0499 	 239 
q0500 	 776 
q0501 	 464 
q0502 	 2707 
q0503 	 210 
q0504 	 242 
q0505 	 725 
q0506 	 218 
q0507 	 194 
q0508 	 2023 
q0509 	 691 
q0510 	 260 
q0511 	 148 
q0512 	 458 
q0513 	 976 
q0514 	 655 
q0515 	 2131 
q0516 	 986 
q0517 	 386 
q0518 	 3562 
q0519 	 472 
q0520 	 21 
q0521 	 1721 
q0522 	 1292 
q0523 	 1158 
q0524 	 1062 
q0525 	 940 
q0526 	 204 
q0527 	 1488 
q0528 	 1981 
q0529 	 36 
q0530 	 486 
q0531 	 399 
q0532 	 401 
q0533 	 760 
q0534 	 2842 
q0535 	 2066 
q0536 	 373 
q0537 	 563 
q0538 	 22 
q0539 	 2942 
q0540 	 777 
q0541 	 1356 
q0542 	 441 
q0543 	 2208 
q0544 	 1619 
q0545 	 1356 
q0546 	 3062 
q0547 	 1602 
q0548 	 182 
q0549 	 64 
q0550 	 629 
q0551 	 1621 
q0552 	 1937 
q0553 	 714 
q0554 	 1604 
q0555 	 2050 
q0556 	 2154 
q0557 	 345 
q0558 	 855 
q0559 	 1210 
q0560 	 788 
q0561 	 184 
q0562 	 708 
q0563 	 459 
q0564 	 268 
q0565 	 1252 
q0566 	 572 
q0567 	 290 
q0568 	 518 
q0569 	 1025 
q0570 	 155 
q0571 	 397 
q0572 	 3515 
q0573 	 525 
q0574 	 602 
q0575 	 2488 
q0576 	 492 
q0577 	 771 
q0578 	 144 
q0579 	 1140 
q0580 	 608 
q0581 	 514 
q0582 	 5884 
q0583 	 420 
q0584 	 1014 
q0585 	 94 
q0586 	 46 
q0587 	 132 
q0588 	 1530 
q0589 	 534 
q0590 	 138 
q0591 	 231 
q0592 	 13 
q0593 	 959 
q0594 	 189 
q0595 	 642 
q0596 	 478 
q0597 	 410 
q0598 	 817 
q0599 	 716 
q0600 	 363 
q0601 	 1346 
q0602 	 667 
q0603 	 752 
q0604 	 1924 
q0605 	 438 
q0606 	 996 
q0607 	 186 
q0608 	 1307 
q0609 	 1286 
q0610 	 805 
q0611 	 933 
q0612 	 890 
q0613 	 2396 
q0614 	 39 
q0615 	 380 
q0616 	 1116 
q0617 	 3686 
q0618 	 532 
q0619 	 711 
q0620 	 2011 
q0621 	 36 
q0622 	 37 
q0623 	 1034 
q0624 	 4805 
q0625 	 100 
q0626 	 1921 
q0627 	 1267 
q0628 	 156 
q0629 	 23 
q0630 	 1418 
q0631 	 63 
q0632 	 1440 
q0633 	 637 
q0634 	 179 
q0635 	 1483 
q0636 	 18 
q0637 	 1546 
q0638 	 789 
q0639 	 997 
q0640 	 1548 
q0641 	 2286 
q0642 	 1711 
q0643 	 1126 
q0644 	 672 
q0645 	 3587 
q0646 	 152 
q0647 	 249 
q0648 	 1939 
q0649 	 2270 
q0650 	 110 
q0651 	 1131 
q0652 	 802 
q0653 	 2498 
q0654 	 471 
q0655 	 496 
q0656 	 1350 
q0657 	 1227 
q0658 	 395 
q0659 	 1312 
q0660 	 313 
q0661 	 1949 
q0662 	 65 
q0663 	 4030 
q0664 	 1243 
q0665 	 1535 
q0666 	 6 
q0667 	 3908 
q0668 	 1628 
q0669 	 135 
q0670 	 1363 
q0671 	 205 
q0672 	 827 
q0673 	 168 
q0674 	 1408 
q0675 	 713 
q0676 	 3479 
q0677 	 1614 
q0678 	 604 
q0679 	 1114 
q0680 	 667 
q0681 	 619 
q0682 	 615 
q0683 	 949 
q0684 	 710 
q0685 	 253 
q0686 	 259 
q0687 	 409 
q0688 	 1178 
q0689 	 484 
q0690 	 214 
q0691 	 1306 
q0692 	 703 
q0693 	 603 
q0694 	 1003 
q0695 	 154 
q0696 	 598 
q0697 	 1641 
q0698 	 1297 
q0699 	 726 
q0700 	 915 
q0701 	 698 
q0702 	 991 
q0703 	 247 
q0704 	 457 
q0705 	 1040 
q0706 	 3391 
q0707 	 779 
q0708 	 4928 
q0709 	 405 
q0710 	 563 
q0711 	 338 
q0712 	 74 
q0713 	 176 
q0714 	 1648 
q0715 	 840 
q0716 	 923 
q0717 	 1858 
q0718 	 352 
q0719 	 2443 
q0720 	 149 
q0721 	 530 
q0722 	 802 
q0723 	 544 
q0724 	 512 
q0725 	 414 
q0726 	 753 
q0727 	 2733 
q0728 	 1168 
q0729 	 1400 
q0730 	 3058 
q0731 	 4688 
q0732 	 27 
q0733 	 132 
q0734 	 1112 
q0735 	 769 
q0736 	 545 
q0737 	 422 
q0738 	 544 
q0739 	 3105 
q0740 	 497 
q0741 	 4676 
q0742 	 1971 
q0743 	 1118 
q0744 	 514 
q0745 	 571 
q0746 	 564 
q0747 	 975 
q0748 	 1069 
q0749 	 151 
q0750 	 1323 
q0751 	 1010 
q0752 	 1049 
q0753 	 696 
q0754 	 144 
q0755 	 206 
q0756 	 2306 
q0757 	 211 
q0758 	 2224 
q0759 	 1958 
q0760 	 1393 
q0761 	 163 
q0762 	 4149 
q0763 	 361 
q0764 	 860 
q0765 	 1473 
q0766 	 413 
q0767 	 181 
q0768 	 145 
q0769 	 29 
q0770 	 251 
q0771 	 258 
q0772 	 2144 
q0773 	 834 
q0774 	 396 
q0775 	 470 
q0776 	 1543 
q0777 	 3299 
q0778 	 381 
q0779 	 2345 
q0780 	 271 
q0781 	 445 
q0782 	 838 
q0783 	 620 
q0784 	 2900 
q0785 	 161 
q0786 	 1862 
q0787 	 225 
q0788 	 569 
q0789 	 222 
q0790 	 831 
q0791 	 1492 
q0792 	 1652 
q0793 	 871 
q0794 	 1232 
q0795 	 1311 
q0796 	 207 
q0797 	 637 
q0798 	 186 
q0799 	 38 
q0800 	 235 
q0801 	 2524 
q0802 	 785 
q0803 	 1696 
q0804 	 467 
q0805 	 1735 
q0806 	 864 
q0807 	 294 
q0808 	 531 
q0809 	 160 
q0810 	 561 
q0811 	 1747 
q0812 	 784 
q0813 	 878 
q0814 	 425 
q0815 	 609 
q0816 	 563 
q0817 	 132 
q0818 	 454 
q0819 	 1412 
q0820 	 1 
q0821 	 537 
q0822 	 2570 
q0823 	 622 
q0824 	 1416 
q0825 	 1428 
q0826 	 621 
q0827 	 26 
q0828 	 230 
q0829 	 402 
q0830 	 442 
q0831 	 556 
q0832 	 1375 
q0833 	 81 
q0834 	 569 
q0835 	 327 
q0836 	 31 
q0837 	 754 
q0838 	 759 
q0839 	 1041 
q0840 	 1198 
q0841 	 39 
q0842 	 34 
q0843 	 204 
q0844 	 956 
q0845 	 558 
q0846 	 831 
q0847 	 74 
q0848 	 194 
q0849 	 520 
q0850 	 1547 
q0851 	 759 
q0852 	 580 
q0853 	 1511 
q0854 	 1482 
q0855 	 297 
q0856 	 226 
q0857 	 1526 
q0858 	 937 
q0859 	 1701 
q0860 	 539 
q0861 	 1540 
q0862 	 837 
q0863 	 758 
q0864 	 1455 
q0865 	 1536 
q0866 	 515 
q0867 	 297 
q0868 	 501 
q0869 	 605 
q0870 	 1794 
q0871 	 35 
q0872 	 157 
q0873 	 356 
q0874 	 1754 
q0875 	 240 
q0876 	 628 
q0877 	 1743 
q0878 	 331 
q0879 	 57 
q0880 	 127 
q0881 	 614 
q0882 	 292 
q0883 	 124 
q0884 	 935 
q0885 	 106 
q0886 	 2341 
q0887 	 528 
q0888 	 1565 
q0889 	 632 
q0890 	 736 
q0891 	 1742 
q0892 	 1953 
q0893 	 1092 
q0894 	 816 
q0895 	 1334 
q0896 	 1175 
q0897 	 1116 
q0898 	 2294 
q0899 	 1086 
q0900 	 1140 
q0901 	 80 
q0902 	 37 
q0903 	 132 
q0904 	 1873 
q0905 	 314 
q0906 	 33 
q0907 	 972 
q0908 	 58 
q0909 	 297 
q0910 	 436 
q0911 	 371 
q0912 	 532 
q0913 	 1303 
q0914 	 689 
q0915 	 342 
q0916 	 303 
q0917 	 829 
q0918 	 1190 
q0919 	 109 
q0920 	 162 
q0921 	 652 
q0922 	 1262 
q0923 	 516 
q0924 	 594 
q0925 	 179 
q0926 	 586 
q0927 	 648 
q0928 	 1253 
q0929 	 105 
q0930 	 1202 
q0931 	 1560 
q0932 	 84 
q0933 	 1401 
q0934 	 385 
q0935 	 1333 
q0936 	 842 
q0937 	 169 
q0938 	 1423 
q0939 	 930 
q0940 	 465 
q0941 	 629 
q0942 	 1242 
q0943 	 430 
q0944 	 612 
q0945 	 549 
q0946 	 1223 
q0947 	 1107 
q0948 	 154 
q0949 	 1052 
q0950 	 551 
q0951 	 554 
q0952 	 152 
q0953 	 710 
q0954 	 265 
q0955 	 195 
q0956 	 434 
q0957 	 184 
q0958 	 870 
q0959 	 662 
q0960 	 430 
q0961 	 606 
q0962 	 1089 
q0963 	 862 
q0964 	 772 
q0965 	 468 
q0966 	 247 
q0967 	 387 
q0968 	 746 
q0969 	 190 
q0970 	 154 
q0971 	 535 
q0972 	 79 
q0973 	 256 
q0974 	 415 
q0975 	 361 
q0976 	 87 
q0977 	 262 
q0978 	 587 
q0979 	 412 
q0980 	 493 
q0981 	 284 
q0982 	 250 
q0983 	 433 
q0984 	 262 
q0985 	 275 
q0986 	 279 
q0987 	 224 
q0988 	 184 
q0989 	 159 
q0990 	 256 
q0991 	 191 
q0992 	 108 
q0993 	 224 
q0994 	 184 
q0995 	 89 
q0996 	 115 
q0997 	 62 
q0998 	 74 
q0999 	 37 
q1000 	 15 
